[15Dec2025 23:02:15.579] [main/INFO] [cpw.mods.modlauncher.Launcher/MODLAUNCHER]: ModLauncher running: args [--launchTarget, forgeclientuserdev, --version, 21.1.80, --assetIndex, 17, --assetsDir, C:\Users\Anoop Singh\.gradle\caches\neoformruntime\assets, --gameDir, ., --fml.neoForgeVersion, 21.1.80, --fml.fmlVersion, 4.0.31, --fml.mcVersion, 1.21.1, --fml.neoFormVersion, 20240808.144430]
[15Dec2025 23:02:15.584] [main/INFO] [cpw.mods.modlauncher.Launcher/MODLAUNCHER]: JVM identified as Eclipse Adoptium OpenJDK 64-Bit Server VM 21.0.9+10-LTS
[15Dec2025 23:02:15.586] [main/INFO] [cpw.mods.modlauncher.Launcher/MODLAUNCHER]: ModLauncher 11.0.4+main.d2e20e43 starting: java version 21.0.9 by Eclipse Adoptium; OS Windows 11 arch amd64 version 10.0
[15Dec2025 23:02:15.783] [main/INFO] [net.neoforged.fml.loading.ImmediateWindowHandler/]: Loading ImmediateWindowProvider fmlearlywindow
[15Dec2025 23:02:15.933] [main/INFO] [EARLYDISPLAY/]: Trying GL version 4.6
[15Dec2025 23:02:16.123] [main/INFO] [EARLYDISPLAY/]: Requested GL version 4.6 got version 4.6
[15Dec2025 23:02:16.224] [main/INFO] [mixin/]: SpongePowered MIXIN Subsystem Version=0.8.7 Source=union:/C:/Users/Anoop%20Singh/.gradle/caches/modules-2/files-2.1/net.fabricmc/sponge-mixin/0.15.2+mixin.0.8.7/2af2f021d8e02a0220dc27a7a72b4666d66d44ca/sponge-mixin-0.15.2+mixin.0.8.7.jar%23131!/ Service=ModLauncher Env=CLIENT
[15Dec2025 23:02:16.463] [pool-2-thread-1/INFO] [EARLYDISPLAY/]: GL info: NVIDIA GeForce RTX 5060/PCIe/SSE2 GL version 4.6.0 NVIDIA 591.44, NVIDIA Corporation
[15Dec2025 23:02:16.683] [main/INFO] [net.neoforged.fml.loading.moddiscovery.locators.JarInJarDependencyLocator/]: Found 2 dependencies adding them to mods collection
[15Dec2025 23:02:16.687] [main/INFO] [net.neoforged.fml.loading.moddiscovery.ModDiscoverer/]: 
     Mod List:
		Name Version (Mod Id)

		Building Gadgets 2 1.3.9 (buildinggadgets2)
		Charging Gadgets 1.14.1 (charginggadgets)
		Cloth Config v15 API 15.0.140 (cloth_config)
		Minecraft 1.21.1 (minecraft)
		NeoForge 21.1.80 (neoforge)
		Underground Village, Stoneholm 1.5.7 (underground_village)
[15Dec2025 23:02:17.589] [main/INFO] [mixin/]: Compatibility level set to JAVA_18
[15Dec2025 23:02:17.601] [main/INFO] [mixin/]: Compatibility level set to JAVA_21
[15Dec2025 23:02:17.604] [main/INFO] [cpw.mods.modlauncher.LaunchServiceHandler/MODLAUNCHER]: Launching target 'forgeclientuserdev' with arguments [--version, 21.1.80, --gameDir, ., --assetsDir, C:\Users\Anoop Singh\.gradle\caches\neoformruntime\assets, --assetIndex, 17]
[15Dec2025 23:02:17.667] [main/WARN] [mixin/]: Reference map 'underground_village.refmap.json' for underground_village.mixins.json could not be read. If this is a development environment you can ignore this message
[15Dec2025 23:02:18.995] [Datafixer Bootstrap/INFO] [com.mojang.datafixers.DataFixerBuilder/]: 229 Datafixer optimizations took 362 milliseconds
[15Dec2025 23:02:19.168] [pool-10-thread-1/INFO] [MixinExtras|Service/]: Initializing MixinExtras via com.llamalad7.mixinextras.service.MixinExtrasServiceImpl(version=0.4.1).
[15Dec2025 23:02:24.136] [main/WARN] [net.minecraft.commands.Commands/]: Ambiguity between arguments [teleport, location] and [teleport, destination] with inputs: [0.1 -0.5 .9, 0 0 0]
[15Dec2025 23:02:24.141] [main/WARN] [net.minecraft.commands.Commands/]: Ambiguity between arguments [teleport, location] and [teleport, targets] with inputs: [0.1 -0.5 .9, 0 0 0]
[15Dec2025 23:02:24.147] [main/WARN] [net.minecraft.commands.Commands/]: Ambiguity between arguments [teleport, destination] and [teleport, targets] with inputs: [Player, 0123, @e, dd12be42-52a9-4a91-a8a1-11c01849e498]
[15Dec2025 23:02:24.151] [main/WARN] [net.minecraft.commands.Commands/]: Ambiguity between arguments [teleport, targets] and [teleport, destination] with inputs: [Player, 0123, dd12be42-52a9-4a91-a8a1-11c01849e498]
[15Dec2025 23:02:24.155] [main/WARN] [net.minecraft.commands.Commands/]: Ambiguity between arguments [teleport, targets, location] and [teleport, targets, destination] with inputs: [0.1 -0.5 .9, 0 0 0]
[15Dec2025 23:02:24.352] [Render thread/WARN] [net.minecraft.server.packs.VanillaPackResourcesBuilder/]: Assets URL 'union:/E:/MODS/Underground-Village/neoforge/build/moddev/artifacts/neoforge-21.1.80-minecraft.jar%23183!/assets/.mcassetsroot' uses unexpected schema
[15Dec2025 23:02:24.353] [Render thread/WARN] [net.minecraft.server.packs.VanillaPackResourcesBuilder/]: Assets URL 'union:/E:/MODS/Underground-Village/neoforge/build/moddev/artifacts/neoforge-21.1.80-minecraft.jar%23183!/data/.mcassetsroot' uses unexpected schema
[15Dec2025 23:02:24.400] [Render thread/INFO] [com.mojang.authlib.yggdrasil.YggdrasilAuthenticationService/]: Environment: Environment[sessionHost=https://sessionserver.mojang.com, servicesHost=https://api.minecraftservices.com, name=PROD]
[15Dec2025 23:02:24.416] [Render thread/INFO] [net.minecraft.client.Minecraft/]: Setting user: Dev
[15Dec2025 23:02:24.529] [Render thread/INFO] [net.minecraft.client.Minecraft/]: Backend library: LWJGL version 3.3.3+5
[15Dec2025 23:02:24.867] [modloading-worker-0/INFO] [Underground Village/]: Hello NeoForge world!
[15Dec2025 23:02:24.915] [modloading-worker-0/INFO] [net.neoforged.neoforge.common.NeoForgeMod/NEOFORGE-MOD]: NeoForge mod loading, version 21.1.80, for MC 1.21.1
[15Dec2025 23:02:25.866] [Render thread/INFO] [net.neoforged.neoforge.gametest.GameTestHooks/]: Enabled Gametest Namespaces: [underground_village]
[15Dec2025 23:02:26.051] [Render thread/INFO] [net.minecraft.server.packs.resources.ReloadableResourceManager/]: Reloading ResourceManager: vanilla, mod_resources, mod/charginggadgets, mod/buildinggadgets2, mod/cloth_config, mod/underground_village, mod/neoforge
[15Dec2025 23:02:26.234] [Forge Version Check/INFO] [net.neoforged.fml.VersionChecker/]: [charginggadgets] Starting version check at https://raw.githubusercontent.com/Direwolf20-MC/ChargingGadgets/master/update.json
[15Dec2025 23:02:26.310] [Worker-Main-6/INFO] [net.minecraft.client.gui.font.providers.UnihexProvider/]: Found unifont_all_no_pua-15.1.05.hex, loading
[15Dec2025 23:02:26.482] [Worker-Main-8/INFO] [net.minecraft.client.gui.font.providers.UnihexProvider/]: Found unifont_jp_patch-15.1.05.hex, loading
[15Dec2025 23:02:26.788] [Forge Version Check/INFO] [net.neoforged.fml.VersionChecker/]: [charginggadgets] Found status: BETA Current: 1.14.1 Target: null
[15Dec2025 23:02:27.756] [Render thread/WARN] [net.minecraft.client.sounds.SoundEngine/]: Missing sound for event: minecraft:item.goat_horn.play
[15Dec2025 23:02:27.757] [Render thread/WARN] [net.minecraft.client.sounds.SoundEngine/]: Missing sound for event: minecraft:entity.goat.screaming.horn_break
[15Dec2025 23:02:27.809] [Render thread/INFO] [com.mojang.blaze3d.audio.Library/]: OpenAL initialized on device OpenAL Soft on Speakers (Realtek(R) Audio)
[15Dec2025 23:02:27.810] [Render thread/INFO] [net.minecraft.client.sounds.SoundEngine/SOUNDS]: Sound engine started
[15Dec2025 23:02:27.903] [Render thread/INFO] [net.minecraft.client.renderer.texture.TextureAtlas/]: Created: 1024x512x4 minecraft:textures/atlas/blocks.png-atlas
[15Dec2025 23:02:27.913] [Render thread/INFO] [net.minecraft.client.renderer.texture.TextureAtlas/]: Created: 256x256x4 minecraft:textures/atlas/signs.png-atlas
[15Dec2025 23:02:27.914] [Render thread/INFO] [net.minecraft.client.renderer.texture.TextureAtlas/]: Created: 512x512x4 minecraft:textures/atlas/shield_patterns.png-atlas
[15Dec2025 23:02:27.914] [Render thread/INFO] [net.minecraft.client.renderer.texture.TextureAtlas/]: Created: 512x512x4 minecraft:textures/atlas/banner_patterns.png-atlas
[15Dec2025 23:02:27.915] [Render thread/INFO] [net.minecraft.client.renderer.texture.TextureAtlas/]: Created: 1024x1024x4 minecraft:textures/atlas/armor_trims.png-atlas
[15Dec2025 23:02:27.917] [Render thread/INFO] [net.minecraft.client.renderer.texture.TextureAtlas/]: Created: 256x256x4 minecraft:textures/atlas/chest.png-atlas
[15Dec2025 23:02:27.919] [Render thread/INFO] [net.minecraft.client.renderer.texture.TextureAtlas/]: Created: 128x64x4 minecraft:textures/atlas/decorated_pot.png-atlas
[15Dec2025 23:02:27.919] [Render thread/INFO] [net.minecraft.client.renderer.texture.TextureAtlas/]: Created: 512x256x4 minecraft:textures/atlas/beds.png-atlas
[15Dec2025 23:02:27.920] [Render thread/INFO] [net.minecraft.client.renderer.texture.TextureAtlas/]: Created: 512x256x4 minecraft:textures/atlas/shulker_boxes.png-atlas
[15Dec2025 23:02:28.074] [Render thread/INFO] [net.minecraft.client.renderer.texture.TextureAtlas/]: Created: 512x256x0 minecraft:textures/atlas/particles.png-atlas
[15Dec2025 23:02:28.076] [Render thread/INFO] [net.minecraft.client.renderer.texture.TextureAtlas/]: Created: 512x256x0 minecraft:textures/atlas/paintings.png-atlas
[15Dec2025 23:02:28.076] [Render thread/INFO] [net.minecraft.client.renderer.texture.TextureAtlas/]: Created: 256x128x0 minecraft:textures/atlas/mob_effects.png-atlas
[15Dec2025 23:02:28.077] [Render thread/INFO] [net.minecraft.client.renderer.texture.TextureAtlas/]: Created: 64x64x0 minecraft:textures/atlas/map_decorations.png-atlas
[15Dec2025 23:02:28.077] [Render thread/INFO] [net.minecraft.client.renderer.texture.TextureAtlas/]: Created: 1024x512x0 minecraft:textures/atlas/gui.png-atlas
[15Dec2025 23:02:28.098] [Render thread/WARN] [net.minecraft.client.renderer.ShaderInstance/]: Shader rendertype_entity_translucent_emissive could not find sampler named Sampler2 in the specified shader program.
[15Dec2025 23:02:28.150] [Render thread/INFO] [net.neoforged.neoforge.client.entity.animation.json.AnimationLoader/]: Loaded 0 entity animations
[15Dec2025 23:02:33.444] [Worker-Main-3/ERROR] [net.minecraft.world.level.storage.loot.LootDataType/]: Couldn't parse element ResourceKey[minecraft:root / minecraft:loot_table]:stoneholm:andesite_worker - Unknown registry key in ResourceKey[minecraft:root / minecraft:item]: create:precision_mechanism; Unknown registry key in ResourceKey[minecraft:root / minecraft:item]: create:rose_quartz; Unknown registry key in ResourceKey[minecraft:root / minecraft:item]: create:electron_tube; Unknown registry key in ResourceKey[minecraft:root / minecraft:item]: create:brass_sheet; Unknown registry key in ResourceKey[minecraft:root / minecraft:item]: create:copper_sheet; Unknown registry key in ResourceKey[minecraft:root / minecraft:item]: create:brass_ingot; Unknown registry key in ResourceKey[minecraft:root / minecraft:item]: create:large_cogwheel; Unknown registry key in ResourceKey[minecraft:root / minecraft:item]: create:cogwheel; Unknown registry key in ResourceKey[minecraft:root / minecraft:item]: create:shaft; Unknown registry key in ResourceKey[minecraft:root / minecraft:item]: create:andesite_alloy
[15Dec2025 23:02:33.476] [Worker-Main-3/ERROR] [net.minecraft.world.level.storage.loot.LootDataType/]: Couldn't parse element ResourceKey[minecraft:root / minecraft:loot_table]:stoneholm:copper_worker - Unknown registry key in ResourceKey[minecraft:root / minecraft:item]: create:precision_mechanism; Unknown registry key in ResourceKey[minecraft:root / minecraft:item]: create:rose_quartz; Unknown registry key in ResourceKey[minecraft:root / minecraft:item]: create:electron_tube; Unknown registry key in ResourceKey[minecraft:root / minecraft:item]: create:brass_sheet; Unknown registry key in ResourceKey[minecraft:root / minecraft:item]: create:copper_sheet; Unknown registry key in ResourceKey[minecraft:root / minecraft:item]: create:brass_ingot; Unknown registry key in ResourceKey[minecraft:root / minecraft:item]: create:large_cogwheel; Unknown registry key in ResourceKey[minecraft:root / minecraft:item]: create:cogwheel; Unknown registry key in ResourceKey[minecraft:root / minecraft:item]: create:shaft; Unknown registry key in ResourceKey[minecraft:root / minecraft:item]: create:andesite_alloy
[15Dec2025 23:02:33.491] [Worker-Main-3/ERROR] [net.minecraft.world.level.storage.loot.LootDataType/]: Couldn't parse element ResourceKey[minecraft:root / minecraft:loot_table]:stoneholm:brass_worker - Unknown registry key in ResourceKey[minecraft:root / minecraft:item]: create:precision_mechanism; Unknown registry key in ResourceKey[minecraft:root / minecraft:item]: create:rose_quartz; Unknown registry key in ResourceKey[minecraft:root / minecraft:item]: create:electron_tube; Unknown registry key in ResourceKey[minecraft:root / minecraft:item]: create:brass_sheet; Unknown registry key in ResourceKey[minecraft:root / minecraft:item]: create:copper_sheet; Unknown registry key in ResourceKey[minecraft:root / minecraft:item]: create:brass_ingot; Unknown registry key in ResourceKey[minecraft:root / minecraft:item]: create:large_cogwheel; Unknown registry key in ResourceKey[minecraft:root / minecraft:item]: create:cogwheel; Unknown registry key in ResourceKey[minecraft:root / minecraft:item]: create:shaft; Unknown registry key in ResourceKey[minecraft:root / minecraft:item]: create:andesite_alloy
[15Dec2025 23:02:33.500] [Worker-Main-3/ERROR] [net.minecraft.world.level.storage.loot.LootDataType/]: Couldn't parse element ResourceKey[minecraft:root / minecraft:loot_table]:stoneholm:cleric - Failed to parse either. First: Unknown registry key in ResourceKey[minecraft:root / minecraft:loot_function_type]: minecraft:set_nbt; Second: Not a json array: {"function":"minecraft:set_nbt","tag":"{Potion:\"minecraft:invisibility\"}"}; Failed to parse either. First: Unknown registry key in ResourceKey[minecraft:root / minecraft:loot_function_type]: minecraft:set_nbt; Second: Not a json array: {"function":"minecraft:set_nbt","tag":"{Potion:\"minecraft:strength\"}"}; Failed to parse either. First: Unknown registry key in ResourceKey[minecraft:root / minecraft:loot_function_type]: minecraft:set_nbt; Second: Not a json array: {"function":"minecraft:set_nbt","tag":"{Potion:\"minecraft:strong_harming\"}"}; Failed to parse either. First: Unknown registry key in ResourceKey[minecraft:root / minecraft:loot_function_type]: minecraft:set_nbt; Second: Not a json array: {"function":"minecraft:set_nbt","tag":"{Potion:\"minecraft:night_vision\"}"}; Failed to parse either. First: Unknown registry key in ResourceKey[minecraft:root / minecraft:loot_function_type]: minecraft:set_nbt; Second: Not a json array: {"function":"minecraft:set_nbt","tag":"{Potion:\"minecraft:regeneration\"}"}
[15Dec2025 23:02:33.659] [Render thread/INFO] [net.minecraft.world.item.crafting.RecipeManager/]: Loaded 1297 recipes
[15Dec2025 23:02:33.780] [Render thread/INFO] [net.minecraft.advancements.AdvancementTree/]: Loaded 1406 advancements
[15Dec2025 23:02:34.136] [Server thread/INFO] [net.minecraft.client.server.IntegratedServer/]: Starting integrated minecraft server version 1.21.1
[15Dec2025 23:02:34.136] [Server thread/INFO] [net.minecraft.server.MinecraftServer/]: Generating keypair
[15Dec2025 23:02:34.341] [Server thread/INFO] [net.minecraft.server.MinecraftServer/]: Preparing start region for dimension minecraft:overworld
[15Dec2025 23:02:34.510] [progressListener/INFO] [net.minecraft.server.level.progress.LoggerChunkProgressListener/]: Preparing spawn area: 0%
[15Dec2025 23:02:34.604] [Server thread/INFO] [net.neoforged.neoforge.server.permission.PermissionAPI/]: Successfully initialized permission handler neoforge:default_handler
[15Dec2025 23:02:34.608] [progressListener/INFO] [net.minecraft.server.level.progress.LoggerChunkProgressListener/]: Time elapsed: 265 ms
[15Dec2025 23:02:34.683] [Server thread/INFO] [net.minecraft.client.server.IntegratedServer/]: Changing view distance to 12, from 10
[15Dec2025 23:02:34.683] [Server thread/INFO] [net.minecraft.client.server.IntegratedServer/]: Changing simulation distance to 12, from 0
[15Dec2025 23:02:35.221] [Server thread/INFO] [net.minecraft.server.players.PlayerList/]: Dev[local:E:bb9daa50] logged in with entity id 13 at (-34.94329332096039, 13.424319308321262, -257.9579832280456)
[15Dec2025 23:02:35.279] [Server thread/INFO] [net.minecraft.server.MinecraftServer/]: Dev joined the game
[15Dec2025 23:02:35.766] [Render thread/INFO] [net.minecraft.advancements.AdvancementTree/]: Loaded 243 advancements
[15Dec2025 23:02:36.206] [Server thread/INFO] [net.minecraft.client.server.IntegratedServer/]: Saving and pausing game...
[15Dec2025 23:02:36.454] [Server thread/INFO] [net.minecraft.server.MinecraftServer/]: Saving chunks for level 'ServerLevel[Build world 4_0]'/minecraft:overworld
[15Dec2025 23:02:36.751] [Server thread/INFO] [net.minecraft.server.MinecraftServer/]: Saving chunks for level 'ServerLevel[Build world 4_0]'/minecraft:the_nether
[15Dec2025 23:02:37.646] [Server thread/INFO] [net.minecraft.server.MinecraftServer/]: Saving chunks for level 'ServerLevel[Build world 4_0]'/minecraft:the_end
[15Dec2025 23:02:38.384] [Server thread/WARN] [net.minecraft.server.MinecraftServer/]: Can't keep up! Is the server overloaded? Running 2129ms or 42 ticks behind
[15Dec2025 23:02:55.830] [Render thread/INFO] [net.minecraft.client.gui.components.ChatComponent/]: [System] [CHAT] Structure saved as 'stoneholm:poi/v4/founten'
[15Dec2025 23:02:57.206] [Server thread/INFO] [net.minecraft.client.server.IntegratedServer/]: Saving and pausing game...
[15Dec2025 23:02:57.356] [Server thread/INFO] [net.minecraft.server.MinecraftServer/]: Saving chunks for level 'ServerLevel[Build world 4_0]'/minecraft:overworld
[15Dec2025 23:02:57.714] [Server thread/INFO] [net.minecraft.server.MinecraftServer/]: Saving chunks for level 'ServerLevel[Build world 4_0]'/minecraft:the_nether
[15Dec2025 23:02:57.877] [Server thread/INFO] [net.minecraft.server.MinecraftServer/]: Saving chunks for level 'ServerLevel[Build world 4_0]'/minecraft:the_end
[15Dec2025 23:04:06.114] [Render thread/INFO] [net.minecraft.client.gui.components.ChatComponent/]: [System] [CHAT] Structure saved as 'stoneholm:poi/v4/founten'
[15Dec2025 23:04:08.156] [Server thread/INFO] [net.minecraft.client.server.IntegratedServer/]: Saving and pausing game...
[15Dec2025 23:04:08.184] [Server thread/INFO] [net.minecraft.server.MinecraftServer/]: Saving chunks for level 'ServerLevel[Build world 4_0]'/minecraft:overworld
[15Dec2025 23:04:08.268] [Server thread/INFO] [net.minecraft.server.MinecraftServer/]: Saving chunks for level 'ServerLevel[Build world 4_0]'/minecraft:the_nether
[15Dec2025 23:04:08.353] [Server thread/INFO] [net.minecraft.server.MinecraftServer/]: Saving chunks for level 'ServerLevel[Build world 4_0]'/minecraft:the_end
[15Dec2025 23:04:19.904] [Render thread/INFO] [net.minecraft.client.gui.components.ChatComponent/]: [System] [CHAT] Structure saved as 'stoneholm:highways/v4/highway'
[15Dec2025 23:04:22.203] [Render thread/INFO] [net.minecraft.client.gui.components.ChatComponent/]: [System] [CHAT] Structure saved as 'stoneholm:highways/v4/highway_stairs'
[15Dec2025 23:04:24.309] [Render thread/INFO] [net.minecraft.client.gui.components.ChatComponent/]: [System] [CHAT] Structure saved as 'stoneholm:highways/v4/corner'
[15Dec2025 23:04:26.445] [Render thread/INFO] [net.minecraft.client.gui.components.ChatComponent/]: [System] [CHAT] Structure saved as 'stoneholm:v4/hall_to_highway'
[15Dec2025 23:04:33.012] [Render thread/INFO] [net.minecraft.client.gui.components.ChatComponent/]: [System] [CHAT] Structure saved as 'stoneholm:hallways/v4/hallway_01'
[15Dec2025 23:04:35.265] [Render thread/INFO] [net.minecraft.client.gui.components.ChatComponent/]: [System] [CHAT] Structure saved as 'stoneholm:hallways/v4/corner'
[15Dec2025 23:04:37.017] [Render thread/INFO] [net.minecraft.client.gui.components.ChatComponent/]: [System] [CHAT] Structure saved as 'stoneholm:hallways/v4/hallway_t'
[15Dec2025 23:04:38.628] [Render thread/INFO] [net.minecraft.client.gui.components.ChatComponent/]: [System] [CHAT] Structure saved as 'stoneholm:hallways/v4/stair_01'
[15Dec2025 23:04:42.851] [Render thread/INFO] [net.minecraft.client.gui.components.ChatComponent/]: [System] [CHAT] Structure saved as 'stoneholm:hallways/v4/hallway_x'
[15Dec2025 23:04:45.617] [Render thread/INFO] [net.minecraft.client.gui.components.ChatComponent/]: [System] [CHAT] Structure saved as 'stoneholm:hallways/v4/to_poi'
[15Dec2025 23:05:00.584] [Render thread/INFO] [net.minecraft.client.gui.components.ChatComponent/]: [System] [CHAT] Structure saved as 'stoneholm:poi/v4/sidebed_bedroom'
[15Dec2025 23:05:04.113] [Render thread/INFO] [net.minecraft.client.gui.components.ChatComponent/]: [System] [CHAT] Structure saved as 'stoneholm:abandoned_poi/v4/sidebed_bedroom'
[15Dec2025 23:05:08.996] [Render thread/INFO] [net.minecraft.client.gui.components.ChatComponent/]: [System] [CHAT] Structure saved as 'stoneholm:poi/v4/tall_bedroom'
[15Dec2025 23:05:42.756] [Server thread/INFO] [net.minecraft.client.server.IntegratedServer/]: Saving and pausing game...
[15Dec2025 23:05:43.085] [Server thread/INFO] [net.minecraft.server.MinecraftServer/]: Saving chunks for level 'ServerLevel[Build world 4_0]'/minecraft:overworld
[15Dec2025 23:05:43.205] [Server thread/INFO] [net.minecraft.server.MinecraftServer/]: Saving chunks for level 'ServerLevel[Build world 4_0]'/minecraft:the_nether
[15Dec2025 23:05:43.370] [Server thread/INFO] [net.minecraft.server.MinecraftServer/]: Saving chunks for level 'ServerLevel[Build world 4_0]'/minecraft:the_end
[15Dec2025 23:05:46.206] [Server thread/INFO] [net.minecraft.client.server.IntegratedServer/]: Saving and pausing game...
[15Dec2025 23:05:46.386] [Server thread/INFO] [net.minecraft.server.MinecraftServer/]: Saving chunks for level 'ServerLevel[Build world 4_0]'/minecraft:overworld
[15Dec2025 23:05:46.604] [Server thread/INFO] [net.minecraft.server.MinecraftServer/]: Saving chunks for level 'ServerLevel[Build world 4_0]'/minecraft:the_nether
[15Dec2025 23:05:46.912] [Server thread/INFO] [net.minecraft.server.MinecraftServer/]: Saving chunks for level 'ServerLevel[Build world 4_0]'/minecraft:the_end
[15Dec2025 23:05:53.056] [Server thread/INFO] [net.minecraft.client.server.IntegratedServer/]: Saving and pausing game...
[15Dec2025 23:05:53.107] [Server thread/INFO] [net.minecraft.server.MinecraftServer/]: Saving chunks for level 'ServerLevel[Build world 4_0]'/minecraft:overworld
[15Dec2025 23:05:53.239] [Server thread/INFO] [net.minecraft.server.MinecraftServer/]: Saving chunks for level 'ServerLevel[Build world 4_0]'/minecraft:the_nether
[15Dec2025 23:05:53.435] [Server thread/INFO] [net.minecraft.server.MinecraftServer/]: Saving chunks for level 'ServerLevel[Build world 4_0]'/minecraft:the_end
[15Dec2025 23:06:05.556] [Server thread/INFO] [net.minecraft.client.server.IntegratedServer/]: Saving and pausing game...
[15Dec2025 23:06:05.594] [Server thread/INFO] [net.minecraft.server.MinecraftServer/]: Saving chunks for level 'ServerLevel[Build world 4_0]'/minecraft:overworld
[15Dec2025 23:06:05.703] [Server thread/INFO] [net.minecraft.server.MinecraftServer/]: Saving chunks for level 'ServerLevel[Build world 4_0]'/minecraft:the_nether
[15Dec2025 23:06:05.846] [Server thread/INFO] [net.minecraft.server.MinecraftServer/]: Saving chunks for level 'ServerLevel[Build world 4_0]'/minecraft:the_end
[15Dec2025 23:06:09.558] [Server thread/INFO] [net.minecraft.client.server.IntegratedServer/]: Saving and pausing game...
[15Dec2025 23:06:09.616] [Server thread/INFO] [net.minecraft.server.MinecraftServer/]: Saving chunks for level 'ServerLevel[Build world 4_0]'/minecraft:overworld
[15Dec2025 23:06:09.702] [Server thread/INFO] [net.minecraft.server.MinecraftServer/]: Saving chunks for level 'ServerLevel[Build world 4_0]'/minecraft:the_nether
[15Dec2025 23:06:09.776] [Server thread/INFO] [net.minecraft.server.MinecraftServer/]: Saving chunks for level 'ServerLevel[Build world 4_0]'/minecraft:the_end
[15Dec2025 23:08:36.458] [Render thread/INFO] [net.minecraft.client.gui.components.ChatComponent/]: [System] [CHAT] Structure saved as 'stoneholm:poi/v4/tall_bedroom'
[15Dec2025 23:08:38.095] [Render thread/INFO] [net.minecraft.client.gui.components.ChatComponent/]: [System] [CHAT] Structure saved as 'stoneholm:poi/v4/tall_bedroom'
[15Dec2025 23:09:30.885] [Render thread/INFO] [net.minecraft.client.gui.components.ChatComponent/]: [System] [CHAT] Structure saved as 'stoneholm:poi/v4/tall_bedroom'
[15Dec2025 23:09:49.856] [Server thread/INFO] [net.minecraft.client.server.IntegratedServer/]: Saving and pausing game...
[15Dec2025 23:09:49.882] [Server thread/INFO] [net.minecraft.server.MinecraftServer/]: Saving chunks for level 'ServerLevel[Build world 4_0]'/minecraft:overworld
[15Dec2025 23:09:49.990] [Server thread/INFO] [net.minecraft.server.MinecraftServer/]: Saving chunks for level 'ServerLevel[Build world 4_0]'/minecraft:the_nether
[15Dec2025 23:09:50.145] [Server thread/INFO] [net.minecraft.server.MinecraftServer/]: Saving chunks for level 'ServerLevel[Build world 4_0]'/minecraft:the_end
