[03Jan2026 18:42:52.186] [main/INFO] [cpw.mods.modlauncher.Launcher/MODLAUNCHER]: ModLauncher running: args [--launchTarget, forgeclientuserdev, --version, 21.1.80, --assetIndex, 17, --assetsDir, C:\Users\Anoop Singh\.gradle\caches\neoformruntime\assets, --gameDir, ., --fml.neoForgeVersion, 21.1.80, --fml.fmlVersion, 4.0.31, --fml.mcVersion, 1.21.1, --fml.neoFormVersion, 20240808.144430]
[03Jan2026 18:42:52.188] [main/INFO] [cpw.mods.modlauncher.Launcher/MODLAUNCHER]: JVM identified as Eclipse Adoptium OpenJDK 64-Bit Server VM 21.0.9+10-LTS
[03Jan2026 18:42:52.190] [main/INFO] [cpw.mods.modlauncher.Launcher/MODLAUNCHER]: ModLauncher 11.0.4+main.d2e20e43 starting: java version 21.0.9 by Eclipse Adoptium; OS Windows 11 arch amd64 version 10.0
[03Jan2026 18:42:52.286] [main/INFO] [net.neoforged.fml.loading.ImmediateWindowHandler/]: Loading ImmediateWindowProvider fmlearlywindow
[03Jan2026 18:42:52.370] [main/INFO] [EARLYDISPLAY/]: Trying GL version 4.6
[03Jan2026 18:42:52.498] [main/INFO] [EARLYDISPLAY/]: Requested GL version 4.6 got version 4.6
[03Jan2026 18:42:52.581] [main/INFO] [mixin/]: SpongePowered MIXIN Subsystem Version=0.8.7 Source=union:/C:/Users/Anoop%20Singh/.gradle/caches/modules-2/files-2.1/net.fabricmc/sponge-mixin/0.15.2+mixin.0.8.7/2af2f021d8e02a0220dc27a7a72b4666d66d44ca/sponge-mixin-0.15.2+mixin.0.8.7.jar%23131!/ Service=ModLauncher Env=CLIENT
[03Jan2026 18:42:52.777] [pool-2-thread-1/INFO] [EARLYDISPLAY/]: GL info: NVIDIA GeForce RTX 5060/PCIe/SSE2 GL version 4.6.0 NVIDIA 591.59, NVIDIA Corporation
[03Jan2026 18:42:52.902] [main/INFO] [net.neoforged.fml.loading.moddiscovery.locators.JarInJarDependencyLocator/]: Found 2 dependencies adding them to mods collection
[03Jan2026 18:42:52.903] [main/INFO] [net.neoforged.fml.loading.moddiscovery.ModDiscoverer/]: 
     Mod List:
		Name Version (Mod Id)

		Better lib 1.0.109 (better_lib)
		Building Gadgets 2 1.3.9 (buildinggadgets2)
		Charging Gadgets 1.14.1 (charginggadgets)
		Cloth Config v15 API 15.0.140 (cloth_config)
		Minecraft 1.21.1 (minecraft)
		NeoForge 21.1.80 (neoforge)
		Underground Village, Stoneholm 1.5.7 (underground_village)
[03Jan2026 18:42:53.568] [main/INFO] [mixin/]: Compatibility level set to JAVA_18
[03Jan2026 18:42:53.569] [main/INFO] [mixin/]: Compatibility level set to JAVA_21
[03Jan2026 18:42:53.574] [main/INFO] [cpw.mods.modlauncher.LaunchServiceHandler/MODLAUNCHER]: Launching target 'forgeclientuserdev' with arguments [--version, 21.1.80, --gameDir, ., --assetsDir, C:\Users\Anoop Singh\.gradle\caches\neoformruntime\assets, --assetIndex, 17]
[03Jan2026 18:42:53.611] [main/WARN] [mixin/]: Reference map 'better_lib.refmap.json' for better_lib.mixins.json could not be read. If this is a development environment you can ignore this message
[03Jan2026 18:42:53.611] [main/WARN] [mixin/]: Reference map 'underground_village.refmap.json' for underground_village.mixins.json could not be read. If this is a development environment you can ignore this message
[03Jan2026 18:42:54.741] [Datafixer Bootstrap/INFO] [com.mojang.datafixers.DataFixerBuilder/]: 229 Datafixer optimizations took 303 milliseconds
[03Jan2026 18:42:54.857] [pool-11-thread-1/INFO] [MixinExtras|Service/]: Initializing MixinExtras via com.llamalad7.mixinextras.service.MixinExtrasServiceImpl(version=0.4.1).
[03Jan2026 18:42:58.799] [main/WARN] [net.minecraft.commands.Commands/]: Ambiguity between arguments [teleport, location] and [teleport, destination] with inputs: [0.1 -0.5 .9, 0 0 0]
[03Jan2026 18:42:58.801] [main/WARN] [net.minecraft.commands.Commands/]: Ambiguity between arguments [teleport, location] and [teleport, targets] with inputs: [0.1 -0.5 .9, 0 0 0]
[03Jan2026 18:42:58.804] [main/WARN] [net.minecraft.commands.Commands/]: Ambiguity between arguments [teleport, destination] and [teleport, targets] with inputs: [Player, 0123, @e, dd12be42-52a9-4a91-a8a1-11c01849e498]
[03Jan2026 18:42:58.804] [main/WARN] [net.minecraft.commands.Commands/]: Ambiguity between arguments [teleport, targets] and [teleport, destination] with inputs: [Player, 0123, dd12be42-52a9-4a91-a8a1-11c01849e498]
[03Jan2026 18:42:58.807] [main/WARN] [net.minecraft.commands.Commands/]: Ambiguity between arguments [teleport, targets, location] and [teleport, targets, destination] with inputs: [0.1 -0.5 .9, 0 0 0]
[03Jan2026 18:42:58.909] [Render thread/WARN] [net.minecraft.server.packs.VanillaPackResourcesBuilder/]: Assets URL 'union:/E:/MODS/Underground-Village/neoforge/build/moddev/artifacts/neoforge-21.1.80-minecraft.jar%23183!/assets/.mcassetsroot' uses unexpected schema
[03Jan2026 18:42:58.909] [Render thread/WARN] [net.minecraft.server.packs.VanillaPackResourcesBuilder/]: Assets URL 'union:/E:/MODS/Underground-Village/neoforge/build/moddev/artifacts/neoforge-21.1.80-minecraft.jar%23183!/data/.mcassetsroot' uses unexpected schema
[03Jan2026 18:42:58.930] [Render thread/INFO] [com.mojang.authlib.yggdrasil.YggdrasilAuthenticationService/]: Environment: Environment[sessionHost=https://sessionserver.mojang.com, servicesHost=https://api.minecraftservices.com, name=PROD]
[03Jan2026 18:42:58.938] [Render thread/INFO] [net.minecraft.client.Minecraft/]: Setting user: Dev
[03Jan2026 18:42:59.004] [Render thread/INFO] [net.minecraft.client.Minecraft/]: Backend library: LWJGL version 3.3.3+5
[03Jan2026 18:42:59.163] [modloading-worker-0/INFO] [Better lib/]: Hello NeoForge world!
[03Jan2026 18:42:59.175] [modloading-worker-0/INFO] [Underground Village/]: Hello NeoForge world!
[03Jan2026 18:42:59.182] [modloading-worker-0/INFO] [net.neoforged.neoforge.common.NeoForgeMod/NEOFORGE-MOD]: NeoForge mod loading, version 21.1.80, for MC 1.21.1
[03Jan2026 18:42:59.778] [Render thread/INFO] [net.neoforged.neoforge.gametest.GameTestHooks/]: Enabled Gametest Namespaces: [underground_village]
[03Jan2026 18:42:59.898] [Render thread/INFO] [net.minecraft.server.packs.resources.ReloadableResourceManager/]: Reloading ResourceManager: vanilla, mod_resources, mod/better_lib, mod/charginggadgets, mod/buildinggadgets2, mod/cloth_config, mod/underground_village, mod/neoforge
[03Jan2026 18:42:59.953] [Forge Version Check/INFO] [net.neoforged.fml.VersionChecker/]: [charginggadgets] Starting version check at https://raw.githubusercontent.com/Direwolf20-MC/ChargingGadgets/master/update.json
[03Jan2026 18:42:59.981] [Worker-Main-5/INFO] [net.minecraft.client.gui.font.providers.UnihexProvider/]: Found unifont_all_no_pua-15.1.05.hex, loading
[03Jan2026 18:43:00.132] [Worker-Main-1/INFO] [net.minecraft.client.gui.font.providers.UnihexProvider/]: Found unifont_jp_patch-15.1.05.hex, loading
[03Jan2026 18:43:00.474] [Forge Version Check/INFO] [net.neoforged.fml.VersionChecker/]: [charginggadgets] Found status: BETA Current: 1.14.1 Target: null
[03Jan2026 18:43:01.088] [Render thread/WARN] [net.minecraft.client.sounds.SoundEngine/]: Missing sound for event: minecraft:item.goat_horn.play
[03Jan2026 18:43:01.088] [Render thread/WARN] [net.minecraft.client.sounds.SoundEngine/]: Missing sound for event: minecraft:entity.goat.screaming.horn_break
[03Jan2026 18:43:01.142] [Render thread/INFO] [com.mojang.blaze3d.audio.Library/]: OpenAL initialized on device OpenAL Soft on Speakers (Realtek(R) Audio)
[03Jan2026 18:43:01.144] [Render thread/INFO] [net.minecraft.client.sounds.SoundEngine/SOUNDS]: Sound engine started
[03Jan2026 18:43:01.259] [Render thread/INFO] [net.minecraft.client.renderer.texture.TextureAtlas/]: Created: 1024x512x4 minecraft:textures/atlas/blocks.png-atlas
[03Jan2026 18:43:01.281] [Render thread/INFO] [net.minecraft.client.renderer.texture.TextureAtlas/]: Created: 256x256x4 minecraft:textures/atlas/signs.png-atlas
[03Jan2026 18:43:01.281] [Render thread/INFO] [net.minecraft.client.renderer.texture.TextureAtlas/]: Created: 512x512x4 minecraft:textures/atlas/shield_patterns.png-atlas
[03Jan2026 18:43:01.282] [Render thread/INFO] [net.minecraft.client.renderer.texture.TextureAtlas/]: Created: 512x512x4 minecraft:textures/atlas/banner_patterns.png-atlas
[03Jan2026 18:43:01.283] [Render thread/INFO] [net.minecraft.client.renderer.texture.TextureAtlas/]: Created: 1024x1024x4 minecraft:textures/atlas/armor_trims.png-atlas
[03Jan2026 18:43:01.288] [Render thread/INFO] [net.minecraft.client.renderer.texture.TextureAtlas/]: Created: 128x64x4 minecraft:textures/atlas/decorated_pot.png-atlas
[03Jan2026 18:43:01.288] [Render thread/INFO] [net.minecraft.client.renderer.texture.TextureAtlas/]: Created: 256x256x4 minecraft:textures/atlas/chest.png-atlas
[03Jan2026 18:43:01.289] [Render thread/INFO] [net.minecraft.client.renderer.texture.TextureAtlas/]: Created: 512x256x4 minecraft:textures/atlas/shulker_boxes.png-atlas
[03Jan2026 18:43:01.289] [Render thread/INFO] [net.minecraft.client.renderer.texture.TextureAtlas/]: Created: 512x256x4 minecraft:textures/atlas/beds.png-atlas
[03Jan2026 18:43:01.473] [Render thread/INFO] [net.minecraft.client.renderer.texture.TextureAtlas/]: Created: 512x256x0 minecraft:textures/atlas/particles.png-atlas
[03Jan2026 18:43:01.474] [Render thread/INFO] [net.minecraft.client.renderer.texture.TextureAtlas/]: Created: 512x256x0 minecraft:textures/atlas/paintings.png-atlas
[03Jan2026 18:43:01.474] [Render thread/INFO] [net.minecraft.client.renderer.texture.TextureAtlas/]: Created: 256x128x0 minecraft:textures/atlas/mob_effects.png-atlas
[03Jan2026 18:43:01.474] [Render thread/INFO] [net.minecraft.client.renderer.texture.TextureAtlas/]: Created: 64x64x0 minecraft:textures/atlas/map_decorations.png-atlas
[03Jan2026 18:43:01.474] [Render thread/INFO] [net.minecraft.client.renderer.texture.TextureAtlas/]: Created: 1024x512x0 minecraft:textures/atlas/gui.png-atlas
[03Jan2026 18:43:01.498] [Render thread/WARN] [net.minecraft.client.renderer.ShaderInstance/]: Shader rendertype_entity_translucent_emissive could not find sampler named Sampler2 in the specified shader program.
[03Jan2026 18:43:01.543] [Render thread/INFO] [net.neoforged.neoforge.client.entity.animation.json.AnimationLoader/]: Loaded 0 entity animations
[03Jan2026 18:43:41.980] [Worker-Main-9/ERROR] [net.minecraft.world.level.storage.loot.LootDataType/]: Couldn't parse element ResourceKey[minecraft:root / minecraft:loot_table]:stoneholm:andesite_worker - Unknown registry key in ResourceKey[minecraft:root / minecraft:item]: create:precision_mechanism; Unknown registry key in ResourceKey[minecraft:root / minecraft:item]: create:rose_quartz; Unknown registry key in ResourceKey[minecraft:root / minecraft:item]: create:electron_tube; Unknown registry key in ResourceKey[minecraft:root / minecraft:item]: create:brass_sheet; Unknown registry key in ResourceKey[minecraft:root / minecraft:item]: create:copper_sheet; Unknown registry key in ResourceKey[minecraft:root / minecraft:item]: create:brass_ingot; Unknown registry key in ResourceKey[minecraft:root / minecraft:item]: create:large_cogwheel; Unknown registry key in ResourceKey[minecraft:root / minecraft:item]: create:cogwheel; Unknown registry key in ResourceKey[minecraft:root / minecraft:item]: create:shaft; Unknown registry key in ResourceKey[minecraft:root / minecraft:item]: create:andesite_alloy
[03Jan2026 18:43:42.011] [Worker-Main-9/ERROR] [net.minecraft.world.level.storage.loot.LootDataType/]: Couldn't parse element ResourceKey[minecraft:root / minecraft:loot_table]:stoneholm:copper_worker - Unknown registry key in ResourceKey[minecraft:root / minecraft:item]: create:precision_mechanism; Unknown registry key in ResourceKey[minecraft:root / minecraft:item]: create:rose_quartz; Unknown registry key in ResourceKey[minecraft:root / minecraft:item]: create:electron_tube; Unknown registry key in ResourceKey[minecraft:root / minecraft:item]: create:brass_sheet; Unknown registry key in ResourceKey[minecraft:root / minecraft:item]: create:copper_sheet; Unknown registry key in ResourceKey[minecraft:root / minecraft:item]: create:brass_ingot; Unknown registry key in ResourceKey[minecraft:root / minecraft:item]: create:large_cogwheel; Unknown registry key in ResourceKey[minecraft:root / minecraft:item]: create:cogwheel; Unknown registry key in ResourceKey[minecraft:root / minecraft:item]: create:shaft; Unknown registry key in ResourceKey[minecraft:root / minecraft:item]: create:andesite_alloy
[03Jan2026 18:43:42.031] [Worker-Main-9/ERROR] [net.minecraft.world.level.storage.loot.LootDataType/]: Couldn't parse element ResourceKey[minecraft:root / minecraft:loot_table]:stoneholm:brass_worker - Unknown registry key in ResourceKey[minecraft:root / minecraft:item]: create:precision_mechanism; Unknown registry key in ResourceKey[minecraft:root / minecraft:item]: create:rose_quartz; Unknown registry key in ResourceKey[minecraft:root / minecraft:item]: create:electron_tube; Unknown registry key in ResourceKey[minecraft:root / minecraft:item]: create:brass_sheet; Unknown registry key in ResourceKey[minecraft:root / minecraft:item]: create:copper_sheet; Unknown registry key in ResourceKey[minecraft:root / minecraft:item]: create:brass_ingot; Unknown registry key in ResourceKey[minecraft:root / minecraft:item]: create:large_cogwheel; Unknown registry key in ResourceKey[minecraft:root / minecraft:item]: create:cogwheel; Unknown registry key in ResourceKey[minecraft:root / minecraft:item]: create:shaft; Unknown registry key in ResourceKey[minecraft:root / minecraft:item]: create:andesite_alloy
[03Jan2026 18:43:42.044] [Worker-Main-9/ERROR] [net.minecraft.world.level.storage.loot.LootDataType/]: Couldn't parse element ResourceKey[minecraft:root / minecraft:loot_table]:stoneholm:cleric - Failed to parse either. First: Unknown registry key in ResourceKey[minecraft:root / minecraft:loot_function_type]: minecraft:set_nbt; Second: Not a json array: {"function":"minecraft:set_nbt","tag":"{Potion:\"minecraft:invisibility\"}"}; Failed to parse either. First: Unknown registry key in ResourceKey[minecraft:root / minecraft:loot_function_type]: minecraft:set_nbt; Second: Not a json array: {"function":"minecraft:set_nbt","tag":"{Potion:\"minecraft:strength\"}"}; Failed to parse either. First: Unknown registry key in ResourceKey[minecraft:root / minecraft:loot_function_type]: minecraft:set_nbt; Second: Not a json array: {"function":"minecraft:set_nbt","tag":"{Potion:\"minecraft:strong_harming\"}"}; Failed to parse either. First: Unknown registry key in ResourceKey[minecraft:root / minecraft:loot_function_type]: minecraft:set_nbt; Second: Not a json array: {"function":"minecraft:set_nbt","tag":"{Potion:\"minecraft:night_vision\"}"}; Failed to parse either. First: Unknown registry key in ResourceKey[minecraft:root / minecraft:loot_function_type]: minecraft:set_nbt; Second: Not a json array: {"function":"minecraft:set_nbt","tag":"{Potion:\"minecraft:regeneration\"}"}
[03Jan2026 18:43:42.194] [Render thread/INFO] [net.minecraft.world.item.crafting.RecipeManager/]: Loaded 1297 recipes
[03Jan2026 18:43:42.314] [Render thread/INFO] [net.minecraft.advancements.AdvancementTree/]: Loaded 1406 advancements
[03Jan2026 18:43:44.246] [Server thread/INFO] [net.minecraft.client.server.IntegratedServer/]: Starting integrated minecraft server version 1.21.1
[03Jan2026 18:43:44.246] [Server thread/INFO] [net.minecraft.server.MinecraftServer/]: Generating keypair
[03Jan2026 18:43:48.257] [worldgen/WARN] [net.minecraft.world.level.levelgen.structure.pools.JigsawPlacement/]: Empty or non-existent pool: stoneholm:villager
[03Jan2026 18:43:50.306] [Server thread/INFO] [net.minecraft.server.MinecraftServer/]: Preparing start region for dimension minecraft:overworld
[03Jan2026 18:43:50.340] [progressListener/INFO] [net.minecraft.server.level.progress.LoggerChunkProgressListener/]: Preparing spawn area: 2%
[03Jan2026 18:43:50.833] [progressListener/INFO] [net.minecraft.server.level.progress.LoggerChunkProgressListener/]: Preparing spawn area: 2%
[03Jan2026 18:43:51.325] [progressListener/INFO] [net.minecraft.server.level.progress.LoggerChunkProgressListener/]: Preparing spawn area: 18%
[03Jan2026 18:43:51.827] [progressListener/INFO] [net.minecraft.server.level.progress.LoggerChunkProgressListener/]: Preparing spawn area: 18%
[03Jan2026 18:43:52.334] [progressListener/INFO] [net.minecraft.server.level.progress.LoggerChunkProgressListener/]: Preparing spawn area: 51%
[03Jan2026 18:43:52.651] [Server thread/INFO] [net.neoforged.neoforge.server.permission.PermissionAPI/]: Successfully initialized permission handler neoforge:default_handler
[03Jan2026 18:43:52.659] [progressListener/INFO] [net.minecraft.server.level.progress.LoggerChunkProgressListener/]: Time elapsed: 2338 ms
[03Jan2026 18:43:52.682] [Server thread/INFO] [net.minecraft.client.server.IntegratedServer/]: Changing view distance to 12, from 10
[03Jan2026 18:43:52.682] [Server thread/INFO] [net.minecraft.client.server.IntegratedServer/]: Changing simulation distance to 12, from 0
[03Jan2026 18:43:53.379] [Server thread/INFO] [net.minecraft.server.players.PlayerList/]: Dev[local:E:035f6882] logged in with entity id 18 at (339.5, 72.0, 284.5)
[03Jan2026 18:43:53.432] [Server thread/INFO] [net.minecraft.server.MinecraftServer/]: Dev joined the game
[03Jan2026 18:43:53.573] [Render thread/INFO] [net.minecraft.client.gui.components.ChatComponent/]: [System] [CHAT] 
[03Jan2026 18:43:53.578] [Render thread/INFO] [net.minecraft.client.gui.components.ChatComponent/]: [System] [CHAT] Underground Villages! adds naturally generated villages deep below the surface.
[03Jan2026 18:43:53.578] [Render thread/INFO] [net.minecraft.client.gui.components.ChatComponent/]: [System] [CHAT] 
[03Jan2026 18:43:53.579] [Render thread/INFO] [net.minecraft.client.gui.components.ChatComponent/]: [System] [CHAT] Need help, found a bug, or missing a recipe or structure? Use the links below to get support and stay updated:
[03Jan2026 18:43:53.579] [Render thread/INFO] [net.minecraft.client.gui.components.ChatComponent/]: [System] [CHAT]  - (Discord Support & Updates) Get help, report issues, and see upcoming features
[03Jan2026 18:43:53.580] [Render thread/INFO] [net.minecraft.client.gui.components.ChatComponent/]: [System] [CHAT]  - (GitHub Issue Tracker) Report bugs, crashes, or missing content
[03Jan2026 18:43:53.580] [Render thread/INFO] [net.minecraft.client.gui.components.ChatComponent/]: [System] [CHAT] 
[03Jan2026 18:43:53.580] [Render thread/INFO] [net.minecraft.client.gui.components.ChatComponent/]: [System] [CHAT] Want to support development and keep the mod updated?
[03Jan2026 18:43:53.581] [Render thread/INFO] [net.minecraft.client.gui.components.ChatComponent/]: [System] [CHAT]  - (ZAP-Hosting – Support Reggarf) 20% off with code Reggarf-1047
[03Jan2026 18:43:53.583] [Render thread/INFO] [net.minecraft.client.gui.components.ChatComponent/]: [System] [CHAT] 
[03Jan2026 18:43:53.584] [Render thread/INFO] [net.minecraft.client.gui.components.ChatComponent/]: [System] [CHAT]  - (Config Settings) This message appears once and can be disabled in the config
[03Jan2026 18:43:53.585] [Render thread/INFO] [net.minecraft.advancements.AdvancementTree/]: Loaded 2 advancements
[03Jan2026 18:43:53.906] [Server thread/INFO] [net.minecraft.client.server.IntegratedServer/]: Saving and pausing game...
[03Jan2026 18:43:53.931] [worldgen/ERROR] [net.minecraft.world.entity.decoration.BlockAttachedEntity/]: Block-attached entity at invalid position: BlockPos{x=-71, y=7, z=-210}
[03Jan2026 18:43:53.938] [Server thread/INFO] [net.minecraft.server.MinecraftServer/]: Saving chunks for level 'ServerLevel[New World]'/minecraft:overworld
[03Jan2026 18:43:54.138] [Server thread/INFO] [net.minecraft.server.MinecraftServer/]: Saving chunks for level 'ServerLevel[New World]'/minecraft:the_end
[03Jan2026 18:43:54.322] [Server thread/INFO] [net.minecraft.server.MinecraftServer/]: Saving chunks for level 'ServerLevel[New World]'/minecraft:the_nether
[03Jan2026 18:43:54.733] [worldgen/ERROR] [net.minecraft.world.entity.decoration.BlockAttachedEntity/]: Block-attached entity at invalid position: BlockPos{x=-71, y=6, z=-215}
[03Jan2026 18:43:55.694] [worldgen/ERROR] [net.minecraft.world.entity.decoration.BlockAttachedEntity/]: Block-attached entity at invalid position: BlockPos{x=-71, y=7, z=-210}
[03Jan2026 18:43:56.506] [worldgen/ERROR] [net.minecraft.world.entity.decoration.BlockAttachedEntity/]: Block-attached entity at invalid position: BlockPos{x=-71, y=7, z=-210}
[03Jan2026 18:43:56.714] [worldgen/ERROR] [net.minecraft.world.entity.decoration.BlockAttachedEntity/]: Block-attached entity at invalid position: BlockPos{x=-71, y=7, z=-210}
[03Jan2026 18:43:56.725] [worldgen/ERROR] [net.minecraft.world.entity.decoration.BlockAttachedEntity/]: Block-attached entity at invalid position: BlockPos{x=-71, y=6, z=-215}
[03Jan2026 18:43:57.281] [worldgen/ERROR] [net.minecraft.world.entity.decoration.BlockAttachedEntity/]: Block-attached entity at invalid position: BlockPos{x=-71, y=6, z=-215}
[03Jan2026 18:43:57.290] [worldgen/ERROR] [net.minecraft.world.entity.decoration.BlockAttachedEntity/]: Block-attached entity at invalid position: BlockPos{x=-71, y=6, z=-215}
[03Jan2026 18:43:57.294] [worldgen/ERROR] [net.minecraft.world.entity.decoration.BlockAttachedEntity/]: Block-attached entity at invalid position: BlockPos{x=-71, y=6, z=-215}
[03Jan2026 18:43:59.188] [worldgen/ERROR] [net.minecraft.world.entity.decoration.BlockAttachedEntity/]: Block-attached entity at invalid position: BlockPos{x=-71, y=7, z=-210}
[03Jan2026 18:44:13.417] [worldgen/WARN] [net.minecraft.world.level.levelgen.structure.pools.JigsawPlacement/]: Empty or non-existent pool: stoneholm:iron_golm
[03Jan2026 18:44:13.492] [Server thread/INFO] [net.minecraft.server.commands.LocateCommand/]: Locating element underground_village:underground_village took 349 ms
[03Jan2026 18:44:13.502] [Render thread/INFO] [net.minecraft.client.gui.components.ChatComponent/]: [System] [CHAT] The nearest underground_village:underground_village is at [-1152, ~, 1328] (1820 blocks away)
[03Jan2026 18:44:16.900] [worldgen/ERROR] [net.minecraft.world.entity.decoration.BlockAttachedEntity/]: Block-attached entity at invalid position: BlockPos{x=-71, y=7, z=-210}
[03Jan2026 18:44:17.240] [worldgen/ERROR] [net.minecraft.world.entity.decoration.BlockAttachedEntity/]: Block-attached entity at invalid position: BlockPos{x=-71, y=6, z=-215}
[03Jan2026 18:44:17.350] [Server thread/INFO] [net.minecraft.server.MinecraftServer/]: [Dev: Teleported Dev to -1151.500000, 74.158147, 1328.500000]
[03Jan2026 18:44:17.357] [Render thread/INFO] [net.minecraft.client.gui.components.ChatComponent/]: [System] [CHAT] Teleported Dev to -1151.500000, 74.158147, 1328.500000
[03Jan2026 18:44:18.564] [worldgen/ERROR] [net.minecraft.world.entity.decoration.BlockAttachedEntity/]: Block-attached entity at invalid position: BlockPos{x=-71, y=6, z=-215}
[03Jan2026 18:44:19.994] [worldgen/ERROR] [net.minecraft.world.entity.decoration.BlockAttachedEntity/]: Block-attached entity at invalid position: BlockPos{x=-71, y=7, z=-210}
[03Jan2026 18:45:41.069] [Render thread/INFO] [net.minecraft.advancements.AdvancementTree/]: Loaded 11 advancements
[03Jan2026 18:47:56.169] [Render thread/INFO] [net.minecraft.advancements.AdvancementTree/]: Loaded 18 advancements
[03Jan2026 18:48:10.455] [Server thread/INFO] [net.minecraft.client.server.IntegratedServer/]: Saving and pausing game...
[03Jan2026 18:48:10.536] [Server thread/INFO] [net.minecraft.server.MinecraftServer/]: Saving chunks for level 'ServerLevel[New World]'/minecraft:overworld
[03Jan2026 18:48:10.706] [Server thread/INFO] [net.minecraft.server.MinecraftServer/]: Saving chunks for level 'ServerLevel[New World]'/minecraft:the_end
[03Jan2026 18:48:11.085] [Server thread/INFO] [net.minecraft.server.MinecraftServer/]: Saving chunks for level 'ServerLevel[New World]'/minecraft:the_nether
[03Jan2026 18:48:11.407] [Server thread/INFO] [net.minecraft.server.network.ServerGamePacketListenerImpl/]: Dev lost connection: Disconnected
[03Jan2026 18:48:11.407] [Server thread/INFO] [net.minecraft.server.MinecraftServer/]: Dev left the game
[03Jan2026 18:48:11.561] [Server thread/INFO] [net.minecraft.server.network.ServerCommonPacketListenerImpl/]: Stopping singleplayer server as player logged out
[03Jan2026 18:48:11.574] [Server thread/INFO] [net.minecraft.server.MinecraftServer/]: Stopping server
[03Jan2026 18:48:11.574] [Server thread/INFO] [net.minecraft.server.MinecraftServer/]: Saving players
[03Jan2026 18:48:11.574] [Server thread/INFO] [net.minecraft.server.MinecraftServer/]: Saving worlds
[03Jan2026 18:48:13.598] [Server thread/INFO] [net.minecraft.server.MinecraftServer/]: Saving chunks for level 'ServerLevel[New World]'/minecraft:overworld
[03Jan2026 18:48:15.196] [Server thread/INFO] [net.minecraft.server.MinecraftServer/]: Saving chunks for level 'ServerLevel[New World]'/minecraft:the_end
[03Jan2026 18:48:15.275] [Server thread/INFO] [net.minecraft.server.MinecraftServer/]: Saving chunks for level 'ServerLevel[New World]'/minecraft:the_nether
[03Jan2026 18:48:15.354] [Server thread/INFO] [net.minecraft.server.MinecraftServer/]: ThreadedAnvilChunkStorage (New World): All chunks are saved
[03Jan2026 18:48:15.354] [Server thread/INFO] [net.minecraft.server.MinecraftServer/]: ThreadedAnvilChunkStorage (DIM1): All chunks are saved
[03Jan2026 18:48:15.355] [Server thread/INFO] [net.minecraft.server.MinecraftServer/]: ThreadedAnvilChunkStorage (DIM-1): All chunks are saved
[03Jan2026 18:48:15.355] [Server thread/INFO] [net.minecraft.server.MinecraftServer/]: ThreadedAnvilChunkStorage: All dimensions are saved
[03Jan2026 18:48:17.749] [Render thread/INFO] [net.minecraft.client.Minecraft/]: Stopping!
