[07Aug2026 13:54:21.727] [main/INFO] [net.neoforged.fml.startup.Entrypoint/]: JVM Uptime at startup: 128ms
[07Aug2026 13:54:21.735] [main/INFO] [net.neoforged.fml.loading.FMLLoader/]: Starting FancyModLoader version 11.0.3 (CLIENT in DEV)
[07Aug2026 13:54:21.736] [main/INFO] [net.neoforged.fml.loading.FMLLoader/]: Game directory: E:\MODS\transferables-neoforge\Underground-Village\neoforge\runs\client
[07Aug2026 13:54:21.795] [main/INFO] [net.neoforged.fml.loading.EarlyServiceDiscovery/]: Found 2 early service jars (out of 108) in 24ms
[07Aug2026 13:54:21.797] [main/INFO] [net.neoforged.fml.loading.FMLLoader/]: Loading FML Early Services:
[07Aug2026 13:54:21.798] [main/INFO] [net.neoforged.fml.loading.FMLLoader/]:  - C:/Users/anoop/.gradle/caches/modules-2/files-2.1/net.neoforged.fancymodloader/earlydisplay/11.0.3/8c620a52ec9cd3296b13a453d6229ac2617a9a5e/earlydisplay-11.0.3.jar
[07Aug2026 13:54:21.798] [main/INFO] [net.neoforged.fml.loading.FMLLoader/]:  - C:/Users/anoop/.gradle/caches/modules-2/files-2.1/net.neoforged.fancymodloader/loader/11.0.3/3f76babf6fa2bbeb3c8390ce0aad2f44f53cbe47/loader-11.0.3.jar
[07Aug2026 13:54:21.802] [main/INFO] [net.neoforged.fml.loading.ImmediateWindowHandler/]: Loading ImmediateWindowProvider fmlearlywindow
[07Aug2026 13:54:22.365] [ForkJoinPool.commonPool-worker-11/INFO] [net.neoforged.fml.loading.moddiscovery.locators.GameLocator/]: Detected a joined NeoForge and Minecraft configuration. Applying filtering...
[07Aug2026 13:54:22.431] [fml-loadingscreen/INFO] [net.neoforged.fml.earlydisplay.render.LoadingScreenRenderer/]: GL info: NVIDIA GeForce RTX 5060/PCIe/SSE2 GL version 3.3.0 NVIDIA 610.88, NVIDIA Corporation
[07Aug2026 13:54:22.432] [ForkJoinPool.commonPool-worker-11/INFO] [net.neoforged.fml.loading.moddiscovery.locators.InDevFolderLocator/CORE]: Got mod coordinates underground_village%%E:\\MODS\\transferables-neoforge\\Underground-Village\\neoforge\\build\\classes\\java\\main;underground_village%%E:\\MODS\\transferables-neoforge\\Underground-Village\\neoforge\\build\\resources\\main from env
[07Aug2026 13:54:22.547] [ForkJoinPool.commonPool-worker-11/INFO] [net.neoforged.fml.loading.moddiscovery.locators.JarInJarDependencyLocator/]: Found 2 dependencies adding them to mods collection
[07Aug2026 13:54:22.548] [ForkJoinPool.commonPool-worker-11/INFO] [net.neoforged.fml.loading.moddiscovery.ModDiscoverer/]: 
     Mod List:
		Name Version (Mod Id)

		Better lib 2.1.0 (better_lib)
		Minecraft 26.1 (minecraft)
		NeoForge 26.1.0.1-beta (neoforge)
		Underground Village, Stoneholm 2.1.1 (underground_village)
[07Aug2026 13:54:22.735] [main/INFO] [mixin/]: SpongePowered MIXIN Subsystem Version=0.8.7 Source=file:/C:/Users/anoop/.gradle/caches/modules-2/files-2.1/net.fabricmc/sponge-mixin/0.16.5+mixin.0.8.7/80fc3a9f592673cea87f4cd702f87991c6c9fe4d/sponge-mixin-0.16.5+mixin.0.8.7.jar Service=FML Env=CLIENT
[07Aug2026 13:54:22.754] [main/INFO] [net.neoforged.fml.loading.FMLLoader/]: Loading FML Plugins:
[07Aug2026 13:54:22.755] [main/INFO] [net.neoforged.fml.loading.FMLLoader/]:  - C:/Users/anoop/.gradle/caches/modules-2/files-2.1/net.neoforged/neoforge/26.1.0.1-beta/ef713b81fdcc723ad4c9d2ac2e7d4173f8dbdbd6/neoforge-26.1.0.1-beta-universal.jar > net.neoforged.neoforge-coremods-26.1.0.1-beta.jar
[07Aug2026 13:54:22.860] [main/INFO] [net.neoforged.fml.loading.FMLLoader/]: Building game content classloader:
 - better_lib (jar(C:/Users/anoop/.gradle/caches/modules-2/files-2.1/curse.maven/better-library-1150683/8593404/bea6c86cb3bda92b57db595d97152cfed325ee54/better-library-1150683-8593404.jar))
 - minecraft (composite(filtered(jar(E:/MODS/transferables-neoforge/Underground-Village/neoforge/build/moddev/artifacts/minecraft-patched-26.1.0.1-beta.jar)), filtered(jar(E:/MODS/transferables-neoforge/Underground-Village/neoforge/build/moddev/artifacts/minecraft-patched-26.1.0.1-beta.jar))))
 - mixinextras.neoforge (jar(C:/Users/anoop/.gradle/caches/modules-2/files-2.1/net.neoforged/neoforge/26.1.0.1-beta/ef713b81fdcc723ad4c9d2ac2e7d4173f8dbdbd6/neoforge-26.1.0.1-beta-universal.jar > mixinextras-neoforge-0.5.3.jar))
 - neoforge (composite(filtered(jar(C:/Users/anoop/.gradle/caches/modules-2/files-2.1/net.neoforged/neoforge/26.1.0.1-beta/ef713b81fdcc723ad4c9d2ac2e7d4173f8dbdbd6/neoforge-26.1.0.1-beta-universal.jar))))
 - net.neoforged.fml.generated (empty(VirtualJar/net.neoforged.fml.generated))
 - underground_village (composite(folder(E:/MODS/transferables-neoforge/Underground-Village/neoforge/build/classes/java/main), folder(E:/MODS/transferables-neoforge/Underground-Village/neoforge/build/resources/main)))
[07Aug2026 13:54:22.874] [main/INFO] [net.neoforged.fml.loading.FMLLoader/]: Built game content classloader in 22ms
[07Aug2026 13:54:22.923] [main/WARN] [mixin/]: Reference map 'better_lib.refmap.json' for better_lib.mixins.json could not be read. If this is a development environment you can ignore this message
[07Aug2026 13:54:22.924] [main/WARN] [mixin/]: Reference map 'underground_village.refmap.json' for underground_village.mixins.json could not be read. If this is a development environment you can ignore this message
[07Aug2026 13:54:24.107] [Datafixer Bootstrap/INFO] [com.mojang.datafixers.DataFixerBuilder/]: 294 Datafixer optimizations took 272 milliseconds
[07Aug2026 13:54:24.214] [pool-9-thread-1/INFO] [MixinExtras|Service/]: Initializing MixinExtras via com.llamalad7.mixinextras.service.MixinExtrasServiceImpl(version=0.5.3).
[07Aug2026 13:54:27.874] [main/WARN] [net.minecraft.commands.Commands/]: Ambiguity between arguments [teleport, location] and [teleport, destination] with inputs: [0.1 -0.5 .9, 0 0 0]
[07Aug2026 13:54:27.876] [main/WARN] [net.minecraft.commands.Commands/]: Ambiguity between arguments [teleport, location] and [teleport, targets] with inputs: [0.1 -0.5 .9, 0 0 0]
[07Aug2026 13:54:27.879] [main/WARN] [net.minecraft.commands.Commands/]: Ambiguity between arguments [teleport, destination] and [teleport, targets] with inputs: [Player, 0123, @e, dd12be42-52a9-4a91-a8a1-11c01849e498]
[07Aug2026 13:54:27.880] [main/WARN] [net.minecraft.commands.Commands/]: Ambiguity between arguments [teleport, targets] and [teleport, destination] with inputs: [Player, 0123, dd12be42-52a9-4a91-a8a1-11c01849e498]
[07Aug2026 13:54:27.881] [main/WARN] [net.minecraft.commands.Commands/]: Ambiguity between arguments [teleport, targets, location] and [teleport, targets, destination] with inputs: [0.1 -0.5 .9, 0 0 0]
[07Aug2026 13:54:27.882] [main/WARN] [net.minecraft.commands.Commands/]: Ambiguity between arguments [time, set, time] and [time, set, timemarker] with inputs: [0, 0s, 0d, 0t]
[07Aug2026 13:54:27.884] [main/WARN] [net.minecraft.commands.Commands/]: Ambiguity between arguments [time, set, timemarker] and [time, set, time] with inputs: [012]
[07Aug2026 13:54:27.885] [main/WARN] [net.minecraft.commands.Commands/]: Ambiguity between arguments [time, of, clock, set, time] and [time, of, clock, set, timemarker] with inputs: [0, 0s, 0d, 0t]
[07Aug2026 13:54:27.886] [main/WARN] [net.minecraft.commands.Commands/]: Ambiguity between arguments [time, of, clock, set, timemarker] and [time, of, clock, set, time] with inputs: [012]
[07Aug2026 13:54:27.888] [main/WARN] [net.minecraft.commands.Commands/]: Ambiguity between arguments [waypoint, modify, waypoint, color, reset] and [waypoint, modify, waypoint, color, color] with inputs: [reset]
[07Aug2026 13:54:27.933] [modloading-worker-0/INFO] [Better lib/]: Hello NeoForge world!
[07Aug2026 13:54:27.945] [modloading-worker-0/INFO] [Underground Village/]: Hello NeoForge world!
[07Aug2026 13:54:27.946] [modloading-worker-0/INFO] [net.neoforged.neoforge.common.NeoForgeMod/NEOFORGE-MOD]: NeoForge mod loading, version 26.1.0.1-beta, for MC 26.1
[07Aug2026 13:54:27.952] [modloading-worker-0/INFO] [Better lib/]: [VillagerLib] register() called for modId=better_lib, professions=0
[07Aug2026 13:54:27.953] [modloading-worker-0/INFO] [Better lib/]: [VillagerLib] registerLib called, LIBS now has 1 entries
[07Aug2026 13:54:28.355] [Render thread/INFO] [com.mojang.authlib.yggdrasil.YggdrasilAuthenticationService/]: Environment: Environment[sessionHost=https://sessionserver.mojang.com, servicesHost=https://api.minecraftservices.com, profilesHost=https://api.mojang.com, name=PROD]
[07Aug2026 13:54:28.371] [Render thread/INFO] [net.minecraft.client.Minecraft/]: Setting user: Dev
[07Aug2026 13:54:28.440] [Render thread/INFO] [net.minecraft.client.Minecraft/]: Backend library: LWJGL version 3.4.1+2
[07Aug2026 13:54:28.573] [Render thread/INFO] [net.minecraft.client.Minecraft/]: Using optional rendering extensions: GL_ARB_buffer_storage, GL_KHR_debug, GL_ARB_vertex_attrib_binding, GL_ARB_direct_state_access, GL_EXT_texture_filter_anisotropic
[07Aug2026 13:54:29.064] [Render thread/INFO] [net.minecraft.server.packs.resources.ReloadableResourceManager/]: Reloading ResourceManager: vanilla, mod_resources, mod/better_lib, mod/underground_village, mod/neoforge
[07Aug2026 13:54:29.422] [resourceLoad/INFO] [net.minecraft.client.gui.font.providers.UnihexProvider/]: Found unifont_all_no_pua-17.0.01.hex, loading
[07Aug2026 13:54:29.425] [resourceLoad/INFO] [net.minecraft.client.gui.font.providers.UnihexProvider/]: Found unifont_pua-17.0.01.hex, loading
[07Aug2026 13:54:29.438] [resourceLoad/INFO] [net.minecraft.client.gui.font.providers.UnihexProvider/]: Found unifont_jp_patch-17.0.01.hex, loading
[07Aug2026 13:54:30.218] [Render thread/WARN] [com.mojang.blaze3d.opengl.GlProgram/]: neoforge:pipeline/item_translucent_unlit shader program does not use sampler Sampler2 defined in the pipeline. This might be a bug.
[07Aug2026 13:54:30.222] [Render thread/WARN] [com.mojang.blaze3d.opengl.GlProgram/]: neoforge:pipeline/item_cutout_unlit shader program does not use sampler Sampler2 defined in the pipeline. This might be a bug.
[07Aug2026 13:54:30.252] [Render thread/INFO] [com.mojang.blaze3d.audio.Library/]: OpenAL initialized on device OpenAL Soft on Speakers (3- High Definition Audio Device)
[07Aug2026 13:54:30.254] [Render thread/INFO] [net.minecraft.client.sounds.SoundEngine/SOUNDS]: Sound engine started
[07Aug2026 13:54:30.254] [Render thread/INFO] [net.minecraft.client.renderer.texture.TextureAtlas/]: Created: 512x256x0 minecraft:textures/atlas/particles.png-atlas
[07Aug2026 13:54:30.274] [Render thread/INFO] [net.minecraft.client.renderer.texture.TextureAtlas/]: Created: 128x128x0 minecraft:textures/atlas/decorated_pot.png-atlas
[07Aug2026 13:54:30.276] [Render thread/INFO] [net.minecraft.client.renderer.texture.TextureAtlas/]: Created: 2048x1024x0 minecraft:textures/atlas/armor_trims.png-atlas
[07Aug2026 13:54:30.299] [Render thread/INFO] [net.minecraft.client.renderer.texture.TextureAtlas/]: Created: 512x256x0 minecraft:textures/atlas/paintings.png-atlas
[07Aug2026 13:54:30.304] [Render thread/INFO] [net.minecraft.client.renderer.texture.TextureAtlas/]: Created: 1024x512x0 minecraft:textures/atlas/shield_patterns.png-atlas
[07Aug2026 13:54:30.306] [Render thread/INFO] [net.minecraft.client.renderer.texture.TextureAtlas/]: Created: 2048x2048x4 minecraft:textures/atlas/blocks.png-atlas
[07Aug2026 13:54:30.365] [Render thread/INFO] [net.minecraft.client.renderer.texture.TextureAtlas/]: Created: 512x512x0 minecraft:textures/atlas/chest.png-atlas
[07Aug2026 13:54:30.367] [Render thread/INFO] [net.minecraft.client.renderer.texture.TextureAtlas/]: Created: 256x128x0 minecraft:textures/atlas/celestials.png-atlas
[07Aug2026 13:54:30.368] [Render thread/INFO] [net.minecraft.client.renderer.texture.TextureAtlas/]: Created: 1024x512x0 minecraft:textures/atlas/banner_patterns.png-atlas
[07Aug2026 13:54:30.370] [Render thread/INFO] [net.minecraft.client.renderer.texture.TextureAtlas/]: Created: 512x512x0 minecraft:textures/atlas/beds.png-atlas
[07Aug2026 13:54:30.372] [Render thread/INFO] [net.minecraft.client.renderer.texture.TextureAtlas/]: Created: 1024x512x0 minecraft:textures/atlas/items.png-atlas
[07Aug2026 13:54:30.392] [Render thread/INFO] [net.minecraft.client.renderer.texture.TextureAtlas/]: Created: 1024x1024x0 minecraft:textures/atlas/gui.png-atlas
[07Aug2026 13:54:30.406] [Render thread/INFO] [net.minecraft.client.renderer.texture.TextureAtlas/]: Created: 128x64x0 minecraft:textures/atlas/map_decorations.png-atlas
[07Aug2026 13:54:30.411] [Render thread/INFO] [net.minecraft.client.renderer.texture.TextureAtlas/]: Created: 512x256x0 minecraft:textures/atlas/signs.png-atlas
[07Aug2026 13:54:30.412] [Render thread/INFO] [net.minecraft.client.renderer.texture.TextureAtlas/]: Created: 512x512x0 minecraft:textures/atlas/shulker_boxes.png-atlas
[07Aug2026 13:54:30.489] [Render thread/INFO] [net.neoforged.neoforge.client.entity.animation.json.AnimationLoader/]: Loaded 0 entity animations
[07Aug2026 13:54:32.931] [Render thread/INFO] [net.minecraft.client.Minecraft/]: Stopping!
